<?xml version="1.0" encoding="utf-8"?><testsuites><testsuite name="pytest" errors="0" failures="0" skipped="0" tests="4" time="2.240" timestamp="2026-05-10T21:05:48.193740" hostname="LAPTOP-AM24INUA"><testcase classname="tests.unit.test_reservation_unit" name="test_create_reservation_valid" time="0.084" /><testcase classname="tests.unit.test_reservation_unit" name="test_guest_count_boundary" time="0.014" /><testcase classname="tests.unit.test_reservation_unit" name="test_reservation_date_too_far" time="0.004" /><testcase classname="tests.unit.test_reservation_unit" name="test_reservation_date_past" time="0.003" /></testsuite></testsuites>